// Jest Snapshot v1, https://goo.gl/fbAQLP

exports[`Header should render correctly 1`] = `
<DocumentFragment>
  <div
    class="chakra-stack css-1oeb4ru"
  >
    <div
      class="chakra-stack css-1qyhq9w"
    >
      <div
        class="css-k5rr6j"
      >
        <div
          class="css-k5rr6j"
          data-testid="go-back-button"
        >
          <button
            aria-label="Go back"
            class="chakra-button css-j1h3f5"
            data-testid="go-back-button-button"
            type="button"
          >
            <svg
              aria-hidden="true"
              class="chakra-icon css-kpbtv0"
              fill="currentColor"
              focusable="false"
              height="1em"
              viewBox="0 0 256 256"
              width="1em"
              xmlns="http://www.w3.org/2000/svg"
            >
              <path
                d="M224,128a8,8,0,0,1-8,8H59.31l58.35,58.34a8,8,0,0,1-11.32,11.32l-72-72a8,8,0,0,1,0-11.32l72-72a8,8,0,0,1,11.32,11.32L59.31,120H216A8,8,0,0,1,224,128Z"
              />
            </svg>
          </button>
          <p
            class="css-r0wbil"
            data-testid="go-back-button-label"
          >
            header.title
          </p>
        </div>
      </div>
      <nav
        aria-label="breadcrumb"
        class="chakra-breadcrumb css-1y2eexs"
        data-testid="breadcrumb-desktop"
      >
        <ol
          class="chakra-breadcrumb__list css-70qvj9"
        >
          <li
            class="chakra-breadcrumb__list-item css-1kcfkoc"
          >
            <a
              aria-current="page"
              class="chakra-breadcrumb__link css-zqoicl"
              href="/"
            >
              Dashboard
            </a>
          </li>
        </ol>
      </nav>
    </div>
    <div
      class="chakra-stack css-1mdpefa"
    >
      <a
        class="chakra-button css-vueqt9"
        data-testid="add-security-button"
        href="/security/add"
      >
        <span
          class="chakra-button__icon css-1wh2kri"
        >
          <svg
            aria-hidden="true"
            class="chakra-icon css-kpbtv0"
            fill="currentColor"
            focusable="false"
            height="1em"
            viewBox="0 0 256 256"
            width="1em"
            xmlns="http://www.w3.org/2000/svg"
          >
            <path
              d="M224,128a8,8,0,0,1-8,8H136v80a8,8,0,0,1-16,0V136H40a8,8,0,0,1,0-16h80V40a8,8,0,0,1,16,0v80h80A8,8,0,0,1,224,128Z"
            />
          </svg>
        </span>
        Import a digital security token
      </a>
      <a
        class="chakra-button css-vueqt9"
        data-testid="create-new-security-button"
        href="/security/create"
      >
        Create new digital security
      </a>
    </div>
  </div>
  <span
    hidden=""
    id="__chakra_env"
  />
</DocumentFragment>
`;
