// Jest Snapshot v1, https://goo.gl/fbAQLP

exports[`DigitalSecurityMint render correctly 1`] = `
<DocumentFragment>
  <div
    class="chakra-stack css-1qyhq9w"
  >
    <div
      class="css-k5rr6j"
    >
      <div
        class="css-k5rr6j"
        data-testid="go-back-button"
      >
        <button
          aria-label="Go back"
          class="chakra-button css-j1h3f5"
          data-testid="go-back-button-button"
          type="button"
        >
          <svg
            aria-hidden="true"
            class="chakra-icon css-kpbtv0"
            fill="currentColor"
            focusable="false"
            height="1em"
            viewBox="0 0 256 256"
            width="1em"
            xmlns="http://www.w3.org/2000/svg"
          >
            <path
              d="M224,128a8,8,0,0,1-8,8H59.31l58.35,58.34a8,8,0,0,1-11.32,11.32l-72-72a8,8,0,0,1,0-11.32l72-72a8,8,0,0,1,11.32,11.32L59.31,120H216A8,8,0,0,1,224,128Z"
            />
          </svg>
        </button>
        <p
          class="css-r0wbil"
          data-testid="go-back-button-label"
        >
          Digital security mint
        </p>
      </div>
    </div>
    <nav
      aria-label="breadcrumb"
      class="chakra-breadcrumb css-1y2eexs"
      data-testid="breadcrumb-desktop"
    >
      <ol
        class="chakra-breadcrumb__list css-70qvj9"
      >
        <li
          class="chakra-breadcrumb__list-item css-1kcfkoc"
        >
          <a
            aria-current="page"
            class="chakra-breadcrumb__link css-zqoicl"
            href="/"
          >
            Dashboard
          </a>
        </li>
      </ol>
    </nav>
  </div>
  <div
    class="chakra-stack css-609749"
  >
    <form
      class="chakra-stack css-1cekp7u"
      data-testid="mint-form"
    >
      <p
        class="css-1mk5tlk"
      >
        Mint securities
      </p>
      <p
        class="css-cepmp9"
      >
        Enter the information to mint the securities
      </p>
      <p
        class="css-1522inu"
      >
        *Mandatory fields
      </p>
      <div
        class="chakra-stack css-vxrbwu"
      >
        <div
          class="chakra-form-control css-1kxonj9"
          role="group"
        >
          <label
            class="css-1fey8w1"
          >
            <span
              class="css-1o8l9xj"
              id="label"
            >
              Amount to mint*
            </span>
            <div
              class="chakra-input__group css-pwmwmr"
              data-group="true"
            >
              <input
                class="chakra-input css-1kpneii"
                data-testid="amount"
                id="field-:r0:"
                inputmode="numeric"
                name="amount"
                placeholder="Enter the amount to mint"
                type="text"
                value=""
              />
            </div>
          </label>
        </div>
      </div>
      <div
        class="chakra-stack css-vxrbwu"
      >
        <div
          class="chakra-form-control css-1kxonj9"
          role="group"
        >
          <label
            class="css-1fey8w1"
            for="destination"
          >
            <span
              class="css-1o8l9xj"
              id="label"
            >
              Destination account*
            </span>
            <div
              class="chakra-input__group css-pwmwmr"
              data-group="true"
            >
              <input
                class="chakra-input css-1kpneii"
                data-testid="destination"
                id="destination"
                name="destination"
                placeholder="Choose destination account"
                value=""
              />
            </div>
          </label>
        </div>
      </div>
      <div
        class="chakra-stack css-1hfumyk"
      >
        <a
          class="chakra-button css-vueqt9"
          data-testid="cancel-button"
          href="/"
        >
          Cancel
        </a>
        <button
          class="chakra-button css-1145i8e"
          data-testid="mint-security-button"
          disabled=""
          type="submit"
        >
          Submit
        </button>
      </div>
    </form>
    <div
      class="chakra-stack css-1v7qrid"
    >
      <div
        class="chakra-stack css-1sbpyey"
        data-testid="current-available-balance-panel"
      >
        <div
          class="css-146esfn"
        >
          <p
            class="css-dmlij3"
          >
            Total Supply
          </p>
        </div>
        <div
          class="css-131o3s"
        >
          <p
            class="css-1ysbn4y"
          >
            <span
              class="css-650xeh"
            />
          </p>
        </div>
      </div>
      <div
        class="chakra-stack css-1ma2bgy"
        data-testid="security-details"
      >
        <div
          class="css-1dixb64"
        >
          <p
            class="chakra-text css-1an6htx"
          >
            Details
          </p>
        </div>
        <div
          class="css-tvba8"
          data-testid="definition-list-item-Name"
          tabindex="0"
        >
          <p
            class="chakra-text css-vbc1qe"
          >
            Name
          </p>
          <div
            class="chakra-skeleton__group css-1rr4qq7"
          >
            <div
              class="chakra-skeleton css-5dkehc"
            />
          </div>
        </div>
        <div
          class="css-tvba8"
          data-testid="definition-list-item-Symbol"
          tabindex="0"
        >
          <p
            class="chakra-text css-vbc1qe"
          >
            Symbol
          </p>
          <div
            class="chakra-skeleton__group css-1rr4qq7"
          >
            <div
              class="chakra-skeleton css-5dkehc"
            />
          </div>
        </div>
        <div
          class="css-tvba8"
          data-testid="definition-list-item-Decimal"
          tabindex="0"
        >
          <p
            class="chakra-text css-vbc1qe"
          >
            Decimal
          </p>
          <div
            class="chakra-skeleton__group css-1rr4qq7"
          >
            <div
              class="chakra-skeleton css-5dkehc"
            />
          </div>
        </div>
        <div
          class="css-tvba8"
          data-testid="definition-list-item-ISIN"
          tabindex="0"
        >
          <p
            class="chakra-text css-vbc1qe"
          >
            ISIN
          </p>
          <div
            class="chakra-skeleton__group css-1rr4qq7"
          >
            <div
              class="chakra-skeleton css-5dkehc"
            />
          </div>
        </div>
        <div
          class="css-tvba8"
          data-testid="definition-list-item-ID"
          tabindex="0"
        >
          <p
            class="chakra-text css-vbc1qe"
          >
            ID
          </p>
          <div
            class="chakra-skeleton__group css-1rr4qq7"
          >
            <div
              class="chakra-skeleton css-5dkehc"
            />
          </div>
        </div>
        <div
          class="css-tvba8"
          data-testid="definition-list-item-Max Supply"
          tabindex="0"
        >
          <p
            class="chakra-text css-vbc1qe"
          >
            Max Supply
          </p>
          <div
            class="chakra-skeleton__group css-1rr4qq7"
          >
            <div
              class="chakra-skeleton css-5dkehc"
            />
          </div>
        </div>
        <div
          class="css-tvba8"
          data-testid="definition-list-item-Total Supply"
          tabindex="0"
        >
          <p
            class="chakra-text css-vbc1qe"
          >
            Total Supply
          </p>
          <div
            class="chakra-skeleton__group css-1rr4qq7"
          >
            <div
              class="chakra-skeleton css-5dkehc"
            />
          </div>
        </div>
        <div
          class="css-tvba8"
          data-testid="definition-list-item-Pending to be minted"
          tabindex="0"
        >
          <p
            class="chakra-text css-vbc1qe"
          >
            Pending to be minted
          </p>
          <div
            class="chakra-skeleton__group css-1rr4qq7"
          >
            <div
              class="chakra-skeleton css-5dkehc"
            />
          </div>
        </div>
      </div>
    </div>
  </div>
  <span
    hidden=""
    id="__chakra_env"
  />
</DocumentFragment>
`;
