// Jest Snapshot v1, https://goo.gl/fbAQLP

exports[`VotingRights should render correctly 1`] = `
<DocumentFragment>
  <div
    class="chakra-stack css-r8fju2"
  >
    <div
      class="chakra-tabs css-1bx5ylf"
    >
      <div
        aria-orientation="horizontal"
        class="chakra-tabs__tablist css-3o7rpu"
        role="tablist"
      >
        <button
          aria-controls="tabs-:r0:--tabpanel-0"
          aria-selected="true"
          class="chakra-tabs__tab css-1ng85ee"
          data-index="0"
          id="tabs-:r0:--tab-0"
          role="tab"
          tabindex="0"
          type="button"
        >
          Program voting rights
        </button>
        <button
          aria-controls="tabs-:r0:--tabpanel-1"
          aria-selected="false"
          class="chakra-tabs__tab css-1ng85ee"
          data-index="1"
          id="tabs-:r0:--tab-1"
          role="tab"
          tabindex="-1"
          type="button"
        >
          See voting rights
        </button>
      </div>
      <div
        class="chakra-tabs__tab-indicator css-1axjpr8"
        style="position: absolute; transition-property: left, right, top, bottom, height, width; transition-duration: 0ms; transition-timing-function: cubic-bezier(0, 0, 0.2, 1); left: 0px; width: 0px;"
      />
      <div
        class="chakra-tabs__tab-panels css-1akcp04"
      >
        <div
          aria-labelledby="tabs-:r0:--tab-0"
          class="chakra-tabs__tab-panel css-1ip3kt8"
          id="tabs-:r0:--tabpanel-0"
          role="tabpanel"
          tabindex="0"
        >
          <div
            class="css-3d6uxt"
          >
            <form
              class="chakra-stack css-ip7fdm"
              data-testid="program-voting-form"
            >
              <div
                class="chakra-stack css-1h0sumw"
              >
                <div
                  class="chakra-stack css-1nqqhpy"
                >
                  <p
                    class="css-0"
                  >
                    Name*
                  </p>
                  <div
                    class="css-k008qs"
                  >
                    <svg
                      class="chakra-icon css-kpbtv0"
                      fill="currentColor"
                      focusable="false"
                      height="1em"
                      viewBox="0 0 256 256"
                      width="1em"
                      xmlns="http://www.w3.org/2000/svg"
                    >
                      <path
                        d="M128,24A104,104,0,1,0,232,128,104.11,104.11,0,0,0,128,24Zm0,192a88,88,0,1,1,88-88A88.1,88.1,0,0,1,128,216Zm16-40a8,8,0,0,1-8,8,16,16,0,0,1-16-16V128a8,8,0,0,1,0-16,16,16,0,0,1,16,16v40A8,8,0,0,1,144,176ZM112,84a12,12,0,1,1,12,12A12,12,0,0,1,112,84Z"
                      />
                    </svg>
                  </div>
                </div>
                <div
                  class="chakra-form-control css-1kxonj9"
                  role="group"
                >
                  <label
                    class="css-1fey8w1"
                    for="name"
                  >
                    <div
                      class="chakra-input__group css-pwmwmr"
                      data-group="true"
                    >
                      <input
                        class="chakra-input css-ifstuv"
                        data-testid="name"
                        id="name"
                        name="name"
                        placeholder="Enter name"
                        value=""
                      />
                    </div>
                  </label>
                </div>
              </div>
              <div
                class="chakra-stack css-1h0sumw"
              >
                <div
                  class="chakra-stack css-1nqqhpy"
                >
                  <p
                    class="css-0"
                  >
                    Date*
                  </p>
                  <div
                    class="css-k008qs"
                  >
                    <svg
                      class="chakra-icon css-kpbtv0"
                      fill="currentColor"
                      focusable="false"
                      height="1em"
                      viewBox="0 0 256 256"
                      width="1em"
                      xmlns="http://www.w3.org/2000/svg"
                    >
                      <path
                        d="M128,24A104,104,0,1,0,232,128,104.11,104.11,0,0,0,128,24Zm0,192a88,88,0,1,1,88-88A88.1,88.1,0,0,1,128,216Zm16-40a8,8,0,0,1-8,8,16,16,0,0,1-16-16V128a8,8,0,0,1,0-16,16,16,0,0,1,16,16v40A8,8,0,0,1,144,176ZM112,84a12,12,0,1,1,12,12A12,12,0,0,1,112,84Z"
                      />
                    </svg>
                  </div>
                </div>
                <div
                  class="chakra-form-control css-1kxonj9"
                  role="group"
                >
                  <label
                    class="css-1fey8w1"
                    for="popover-trigger-:r8:"
                  >
                    <div
                      class="chakra-input__group css-pwmwmr"
                      data-group="true"
                    >
                      <div
                        class="chakra-input__left-element css-irrpsr"
                      >
                        <svg
                          class="chakra-icon css-kpbtv0"
                          fill="currentColor"
                          focusable="false"
                          height="1em"
                          viewBox="0 0 256 256"
                          width="1em"
                          xmlns="http://www.w3.org/2000/svg"
                        >
                          <path
                            d="M208,32H184V24a8,8,0,0,0-16,0v8H88V24a8,8,0,0,0-16,0v8H48A16,16,0,0,0,32,48V208a16,16,0,0,0,16,16H208a16,16,0,0,0,16-16V48A16,16,0,0,0,208,32ZM72,48v8a8,8,0,0,0,16,0V48h80v8a8,8,0,0,0,16,0V48h24V80H48V48ZM208,208H48V96H208V208Z"
                          />
                        </svg>
                      </div>
                      <input
                        aria-controls="popover-content-:r8:"
                        aria-expanded="false"
                        aria-haspopup="dialog"
                        aria-label="Date"
                        autocomplete="off"
                        class="chakra-input css-p6x41e"
                        data-testid="date"
                        id="popover-trigger-:r8:"
                        name="date"
                        placeholder="Select day"
                        value=""
                      />
                      <div
                        class="chakra-input__right-element css-1akgnmh"
                      >
                        <svg
                          aria-label="Select a date"
                          class="chakra-icon css-c6odlo"
                          fill="currentColor"
                          focusable="false"
                          height="1em"
                          viewBox="0 0 256 256"
                          width="1em"
                          xmlns="http://www.w3.org/2000/svg"
                        >
                          <path
                            d="M213.66,101.66l-80,80a8,8,0,0,1-11.32,0l-80-80A8,8,0,0,1,53.66,90.34L128,164.69l74.34-74.35a8,8,0,0,1,11.32,11.32Z"
                          />
                        </svg>
                      </div>
                    </div>
                  </label>
                  <div
                    class="chakra-popover__popper css-1qq679y"
                    style="visibility: hidden; position: absolute; min-width: max-content; inset: 0 auto auto 0;"
                  >
                    <section
                      class="chakra-popover__content css-19djqmd"
                      id="popover-content-:r8:"
                      role="dialog"
                      style="transform-origin: var(--popper-transform-origin); opacity: 0; visibility: hidden; transform: scale(0.95) translateZ(0);"
                      tabindex="-1"
                    />
                  </div>
                </div>
              </div>
              <button
                class="chakra-button css-1i50xze"
                data-testid="program-vote-button"
                disabled=""
                type="submit"
              >
                Program vote
              </button>
            </form>
          </div>
        </div>
        <div
          aria-labelledby="tabs-:r0:--tab-1"
          class="chakra-tabs__tab-panel css-1ip3kt8"
          hidden=""
          id="tabs-:r0:--tabpanel-1"
          role="tabpanel"
          tabindex="0"
        >
          <div
            class="css-3d6uxt"
          >
            <div
              class="chakra-stack css-owjkmg"
            >
              <form
                class="chakra-stack css-ip7fdm"
                data-testid="see-voting-rights-form"
              >
                <div
                  class="chakra-stack css-1h0sumw"
                >
                  <div
                    class="chakra-stack css-1nqqhpy"
                  >
                    <p
                      class="css-0"
                    >
                      Voting ID*
                    </p>
                    <div
                      class="css-k008qs"
                    >
                      <svg
                        class="chakra-icon css-kpbtv0"
                        fill="currentColor"
                        focusable="false"
                        height="1em"
                        viewBox="0 0 256 256"
                        width="1em"
                        xmlns="http://www.w3.org/2000/svg"
                      >
                        <path
                          d="M128,24A104,104,0,1,0,232,128,104.11,104.11,0,0,0,128,24Zm0,192a88,88,0,1,1,88-88A88.1,88.1,0,0,1,128,216Zm16-40a8,8,0,0,1-8,8,16,16,0,0,1-16-16V128a8,8,0,0,1,0-16,16,16,0,0,1,16,16v40A8,8,0,0,1,144,176ZM112,84a12,12,0,1,1,12,12A12,12,0,0,1,112,84Z"
                        />
                      </svg>
                    </div>
                  </div>
                  <div
                    class="chakra-form-control css-1kxonj9"
                    role="group"
                  >
                    <label
                      class="css-1fey8w1"
                    >
                      <div
                        class="chakra-input__group css-pwmwmr"
                        data-group="true"
                      >
                        <input
                          class="chakra-input css-ifstuv"
                          data-testid="votingId"
                          id="field-:rb:"
                          inputmode="numeric"
                          name="votingId"
                          placeholder="Add ID"
                          type="text"
                          value=""
                        />
                      </div>
                    </label>
                  </div>
                </div>
                <div
                  class="chakra-stack css-1h0sumw"
                >
                  <div
                    class="chakra-stack css-1nqqhpy"
                  >
                    <p
                      class="css-0"
                    >
                      Account ID*
                    </p>
                    <div
                      class="css-k008qs"
                    >
                      <svg
                        class="chakra-icon css-kpbtv0"
                        fill="currentColor"
                        focusable="false"
                        height="1em"
                        viewBox="0 0 256 256"
                        width="1em"
                        xmlns="http://www.w3.org/2000/svg"
                      >
                        <path
                          d="M128,24A104,104,0,1,0,232,128,104.11,104.11,0,0,0,128,24Zm0,192a88,88,0,1,1,88-88A88.1,88.1,0,0,1,128,216Zm16-40a8,8,0,0,1-8,8,16,16,0,0,1-16-16V128a8,8,0,0,1,0-16,16,16,0,0,1,16,16v40A8,8,0,0,1,144,176ZM112,84a12,12,0,1,1,12,12A12,12,0,0,1,112,84Z"
                        />
                      </svg>
                    </div>
                  </div>
                  <div
                    class="chakra-form-control css-1kxonj9"
                    role="group"
                  >
                    <label
                      class="css-1fey8w1"
                      for="accountId"
                    >
                      <div
                        class="chakra-input__group css-pwmwmr"
                        data-group="true"
                      >
                        <input
                          class="chakra-input css-ifstuv"
                          data-testid="accountId"
                          id="accountId"
                          name="accountId"
                          placeholder="Add ID"
                          value=""
                        />
                      </div>
                    </label>
                  </div>
                </div>
                <button
                  class="chakra-button css-1i50xze"
                  data-testid="check-button"
                  disabled=""
                  type="submit"
                >
                   Check
                </button>
              </form>
            </div>
          </div>
        </div>
      </div>
    </div>
  </div>
  <span
    hidden=""
    id="__chakra_env"
  />
</DocumentFragment>
`;
