// Jest Snapshot v1, https://goo.gl/fbAQLP

exports[`DigitalSecurityDetails render correctly 1`] = `
<DocumentFragment>
  <div
    class="chakra-stack css-1bn8alk"
  >
    <div
      class="chakra-stack css-1qyhq9w"
    >
      <div
        class="css-k5rr6j"
      >
        <div
          class="css-k5rr6j"
          data-testid="go-back-button"
        >
          <button
            aria-label="Go back"
            class="chakra-button css-j1h3f5"
            data-testid="go-back-button-button"
            type="button"
          >
            <svg
              aria-hidden="true"
              class="chakra-icon css-kpbtv0"
              fill="currentColor"
              focusable="false"
              height="1em"
              viewBox="0 0 256 256"
              width="1em"
              xmlns="http://www.w3.org/2000/svg"
            >
              <path
                d="M224,128a8,8,0,0,1-8,8H59.31l58.35,58.34a8,8,0,0,1-11.32,11.32l-72-72a8,8,0,0,1,0-11.32l72-72a8,8,0,0,1,11.32,11.32L59.31,120H216A8,8,0,0,1,224,128Z"
              />
            </svg>
          </button>
          <p
            class="css-r0wbil"
            data-testid="go-back-button-label"
          >
            Digital security details
          </p>
        </div>
      </div>
      <nav
        aria-label="breadcrumb"
        class="chakra-breadcrumb css-1y2eexs"
        data-testid="breadcrumb-desktop"
      >
        <ol
          class="chakra-breadcrumb__list css-70qvj9"
        >
          <li
            class="chakra-breadcrumb__list-item css-1kcfkoc"
          >
            <a
              aria-current="page"
              class="chakra-breadcrumb__link css-zqoicl"
              href="/"
            >
              Dashboard
            </a>
          </li>
        </ol>
      </nav>
    </div>
  </div>
  <div
    class="chakra-stack css-updx4y"
  >
    <div
      class="chakra-tabs css-1bx5ylf"
    >
      <div
        aria-orientation="horizontal"
        class="chakra-tabs__tablist css-3o7rpu"
        role="tablist"
      >
        <button
          aria-controls="tabs-:r0:--tabpanel-0"
          aria-selected="true"
          class="chakra-tabs__tab css-8mj2xm"
          data-index="0"
          id="tabs-:r0:--tab-0"
          role="tab"
          tabindex="0"
          type="button"
        >
          Details
        </button>
        <button
          aria-controls="tabs-:r0:--tabpanel-1"
          aria-selected="false"
          class="chakra-tabs__tab css-8mj2xm"
          data-index="1"
          id="tabs-:r0:--tab-1"
          role="tab"
          tabindex="-1"
          type="button"
        >
          Balance
        </button>
      </div>
      <div
        class="chakra-tabs__tab-indicator css-1axjpr8"
        style="position: absolute; transition-property: left, right, top, bottom, height, width; transition-duration: 0ms; transition-timing-function: cubic-bezier(0, 0, 0.2, 1); left: 0px; width: 0px;"
      />
      <div
        class="chakra-tabs__tab-panels css-1akcp04"
      >
        <div
          aria-labelledby="tabs-:r0:--tab-0"
          class="chakra-tabs__tab-panel css-1ip3kt8"
          id="tabs-:r0:--tabpanel-0"
          role="tabpanel"
          tabindex="0"
        >
          <div
            class="chakra-stack css-1lzo5bt"
          >
            <div
              class="chakra-stack css-1xa9bwv"
              data-testid="holder-actions-buttons"
            >
              <a
                class="chakra-button css-vueqt9"
                data-testid="transfer-button"
                href="/security/:id/transfer"
              >
                Transfer
              </a>
              <a
                class="chakra-button css-vueqt9"
                data-testid="redeem-button"
                href="/security/:id/redeem"
              >
                Redeem
              </a>
            </div>
            <div
              class="chakra-stack css-13czc0d"
            >
              <div
                class="chakra-stack css-1yf3ocy"
              >
                <div
                  class="chakra-stack css-1yqmcpo"
                  data-testid="security-details"
                >
                  <div
                    class="css-1dixb64"
                  >
                    <p
                      class="chakra-text css-1an6htx"
                    >
                      Details
                    </p>
                  </div>
                  <div
                    class="css-tvba8"
                    data-testid="definition-list-item-Name"
                    tabindex="0"
                  >
                    <p
                      class="chakra-text css-vbc1qe"
                    >
                      Name
                    </p>
                    <div
                      class="chakra-skeleton__group css-1rr4qq7"
                    >
                      <div
                        class="chakra-skeleton css-5dkehc"
                      />
                    </div>
                  </div>
                  <div
                    class="css-tvba8"
                    data-testid="definition-list-item-Symbol"
                    tabindex="0"
                  >
                    <p
                      class="chakra-text css-vbc1qe"
                    >
                      Symbol
                    </p>
                    <div
                      class="chakra-skeleton__group css-1rr4qq7"
                    >
                      <div
                        class="chakra-skeleton css-5dkehc"
                      />
                    </div>
                  </div>
                  <div
                    class="css-tvba8"
                    data-testid="definition-list-item-Decimal"
                    tabindex="0"
                  >
                    <p
                      class="chakra-text css-vbc1qe"
                    >
                      Decimal
                    </p>
                    <div
                      class="chakra-skeleton__group css-1rr4qq7"
                    >
                      <div
                        class="chakra-skeleton css-5dkehc"
                      />
                    </div>
                  </div>
                  <div
                    class="css-tvba8"
                    data-testid="definition-list-item-ISIN"
                    tabindex="0"
                  >
                    <p
                      class="chakra-text css-vbc1qe"
                    >
                      ISIN
                    </p>
                    <div
                      class="chakra-skeleton__group css-1rr4qq7"
                    >
                      <div
                        class="chakra-skeleton css-5dkehc"
                      />
                    </div>
                  </div>
                  <div
                    class="css-tvba8"
                    data-testid="definition-list-item-EVM Address"
                    tabindex="0"
                  >
                    <p
                      class="chakra-text css-vbc1qe"
                    >
                      EVM Address
                    </p>
                    <div
                      class="chakra-skeleton__group css-1rr4qq7"
                    >
                      <div
                        class="chakra-skeleton css-5dkehc"
                      />
                    </div>
                  </div>
                  <div
                    class="css-tvba8"
                    data-testid="definition-list-item-ID"
                    tabindex="0"
                  >
                    <p
                      class="chakra-text css-vbc1qe"
                    >
                      ID
                    </p>
                    <div
                      class="chakra-skeleton__group css-1rr4qq7"
                    >
                      <div
                        class="chakra-skeleton css-5dkehc"
                      />
                    </div>
                  </div>
                  <div
                    class="css-tvba8"
                    data-testid="definition-list-item-Currency"
                    tabindex="0"
                  >
                    <p
                      class="chakra-text css-vbc1qe"
                    >
                      Currency
                    </p>
                    <div
                      class="chakra-skeleton__group css-1rr4qq7"
                    >
                      <div
                        class="chakra-skeleton css-5dkehc"
                      />
                    </div>
                  </div>
                  <div
                    class="css-tvba8"
                    data-testid="definition-list-item-Nominal Value"
                    tabindex="0"
                  >
                    <p
                      class="chakra-text css-vbc1qe"
                    >
                      Nominal Value
                    </p>
                    <div
                      class="chakra-skeleton__group css-1rr4qq7"
                    >
                      <div
                        class="chakra-skeleton css-5dkehc"
                      />
                    </div>
                  </div>
                  <div
                    class="css-tvba8"
                    data-testid="definition-list-item-Max Supply"
                    tabindex="0"
                  >
                    <p
                      class="chakra-text css-vbc1qe"
                    >
                      Max Supply
                    </p>
                    <div
                      class="chakra-skeleton__group css-1rr4qq7"
                    >
                      <div
                        class="chakra-skeleton css-5dkehc"
                      />
                    </div>
                  </div>
                  <div
                    class="css-tvba8"
                    data-testid="definition-list-item-Total Supply"
                    tabindex="0"
                  >
                    <p
                      class="chakra-text css-vbc1qe"
                    >
                      Total Supply
                    </p>
                    <div
                      class="chakra-skeleton__group css-1rr4qq7"
                    >
                      <div
                        class="chakra-skeleton css-5dkehc"
                      />
                    </div>
                  </div>
                  <div
                    class="css-tvba8"
                    data-testid="definition-list-item-Pending to be minted"
                    tabindex="0"
                  >
                    <p
                      class="chakra-text css-vbc1qe"
                    >
                      Pending to be minted
                    </p>
                    <div
                      class="chakra-skeleton__group css-1rr4qq7"
                    >
                      <div
                        class="chakra-skeleton css-5dkehc"
                      />
                    </div>
                  </div>
                </div>
              </div>
              <div
                class="chakra-stack css-1yf3ocy"
              >
                <div
                  class="chakra-stack css-169eia3"
                >
                  <div
                    class="css-146esfn"
                  >
                    <p
                      class="css-dmlij3"
                    >
                      Total Supply
                    </p>
                  </div>
                  <div
                    class="css-1jif775"
                  >
                    <div
                      class="chakra-skeleton__group css-1rr4qq7"
                    >
                      <div
                        class="chakra-skeleton css-5dkehc"
                      />
                    </div>
                  </div>
                </div>
                <div
                  class="chakra-stack css-1yqmcpo"
                >
                  <div
                    class="css-1dixb64"
                  >
                    <p
                      class="chakra-text css-1an6htx"
                    >
                      Permissions
                    </p>
                  </div>
                  <div
                    class="css-tvba8"
                    data-testid="definition-list-item-Controllable"
                    tabindex="0"
                  >
                    <p
                      class="chakra-text css-vbc1qe"
                    >
                      Controllable
                    </p>
                    <div
                      class="chakra-skeleton__group css-1rr4qq7"
                    >
                      <div
                        class="chakra-skeleton css-5dkehc"
                      />
                    </div>
                  </div>
                  <div
                    class="css-tvba8"
                    data-testid="definition-list-item-Blocklist"
                    tabindex="0"
                  >
                    <p
                      class="chakra-text css-vbc1qe"
                    >
                      Blocklist
                    </p>
                    <div
                      class="chakra-skeleton__group css-1rr4qq7"
                    >
                      <div
                        class="chakra-skeleton css-5dkehc"
                      />
                    </div>
                  </div>
                  <div
                    class="css-tvba8"
                    data-testid="definition-list-item-Approval list"
                    tabindex="0"
                  >
                    <p
                      class="chakra-text css-vbc1qe"
                    >
                      Approval list
                    </p>
                    <div
                      class="chakra-skeleton__group css-1rr4qq7"
                    >
                      <div
                        class="chakra-skeleton css-5dkehc"
                      />
                    </div>
                  </div>
                </div>
                <div
                  class="chakra-stack css-1yqmcpo"
                >
                  <div
                    class="css-1dixb64"
                  >
                    <p
                      class="chakra-text css-1an6htx"
                    >
                      Regulations
                    </p>
                  </div>
                  <div
                    class="css-tvba8"
                    data-testid="definition-list-item-Regulation type"
                    tabindex="0"
                  >
                    <p
                      class="chakra-text css-vbc1qe"
                    >
                      Regulation type
                    </p>
                    <div
                      class="chakra-skeleton__group css-1rr4qq7"
                    >
                      <div
                        class="chakra-skeleton css-5dkehc"
                      />
                    </div>
                  </div>
                  <div
                    class="css-tvba8"
                    data-testid="definition-list-item-Regulation sub-type"
                    tabindex="0"
                  >
                    <p
                      class="chakra-text css-vbc1qe"
                    >
                      Regulation sub-type
                    </p>
                    <div
                      class="chakra-skeleton__group css-1rr4qq7"
                    >
                      <div
                        class="chakra-skeleton css-5dkehc"
                      />
                    </div>
                  </div>
                  <div
                    class="css-tvba8"
                    data-testid="definition-list-item-Blocked countries"
                    tabindex="0"
                  >
                    <p
                      class="chakra-text css-vbc1qe"
                    >
                      Blocked countries
                    </p>
                    <div
                      class="chakra-skeleton__group css-1rr4qq7"
                    >
                      <div
                        class="chakra-skeleton css-5dkehc"
                      />
                    </div>
                  </div>
                  <div
                    class="css-tvba8"
                    data-testid="definition-list-item-Deal size"
                    tabindex="0"
                  >
                    <p
                      class="chakra-text css-vbc1qe"
                    >
                      Deal size
                    </p>
                    <div
                      class="chakra-skeleton__group css-1rr4qq7"
                    >
                      <div
                        class="chakra-skeleton css-5dkehc"
                      />
                    </div>
                  </div>
                  <div
                    class="css-tvba8"
                    data-testid="definition-list-item-Accredited investors"
                    tabindex="0"
                  >
                    <p
                      class="chakra-text css-vbc1qe"
                    >
                      Accredited investors
                    </p>
                    <div
                      class="chakra-skeleton__group css-1rr4qq7"
                    >
                      <div
                        class="chakra-skeleton css-5dkehc"
                      />
                    </div>
                  </div>
                  <div
                    class="css-tvba8"
                    data-testid="definition-list-item-Max non-accredited investors"
                    tabindex="0"
                  >
                    <p
                      class="chakra-text css-vbc1qe"
                    >
                      Max non-accredited investors
                    </p>
                    <div
                      class="chakra-skeleton__group css-1rr4qq7"
                    >
                      <div
                        class="chakra-skeleton css-5dkehc"
                      />
                    </div>
                  </div>
                  <div
                    class="css-tvba8"
                    data-testid="definition-list-item-Manual investor verification"
                    tabindex="0"
                  >
                    <p
                      class="chakra-text css-vbc1qe"
                    >
                      Manual investor verification
                    </p>
                    <div
                      class="chakra-skeleton__group css-1rr4qq7"
                    >
                      <div
                        class="chakra-skeleton css-5dkehc"
                      />
                    </div>
                  </div>
                  <div
                    class="css-tvba8"
                    data-testid="definition-list-item-International investors"
                    tabindex="0"
                  >
                    <p
                      class="chakra-text css-vbc1qe"
                    >
                      International investors
                    </p>
                    <div
                      class="chakra-skeleton__group css-1rr4qq7"
                    >
                      <div
                        class="chakra-skeleton css-5dkehc"
                      />
                    </div>
                  </div>
                  <div
                    class="css-tvba8"
                    data-testid="definition-list-item-Resale hold period"
                    tabindex="0"
                  >
                    <p
                      class="chakra-text css-vbc1qe"
                    >
                      Resale hold period
                    </p>
                    <div
                      class="chakra-skeleton__group css-1rr4qq7"
                    >
                      <div
                        class="chakra-skeleton css-5dkehc"
                      />
                    </div>
                  </div>
                </div>
              </div>
            </div>
          </div>
        </div>
        <div
          aria-labelledby="tabs-:r0:--tab-1"
          class="chakra-tabs__tab-panel css-1ip3kt8"
          hidden=""
          id="tabs-:r0:--tabpanel-1"
          role="tabpanel"
          tabindex="0"
        >
          <div
            class="chakra-stack css-frx4bb"
          >
            <div
              class="chakra-stack css-169eia3"
            >
              <div
                class="chakra-stack css-1qx0yhn"
              >
                <h2
                  class="css-1mk5tlk"
                >
                  Display balances
                </h2>
                <p
                  class="css-j9h4p6"
                >
                  Add the ID account to preview its balance
                </p>
                <form
                  class="chakra-stack css-1y1dtud"
                >
                  <div
                    class="chakra-form-control css-1kxonj9"
                    role="group"
                  >
                    <label
                      class="css-1fey8w1"
                      for="search"
                    >
                      <div
                        class="chakra-input__group css-pwmwmr"
                        data-group="true"
                      >
                        <input
                          class="chakra-input css-1ymw93l"
                          data-testid="search"
                          id="search"
                          name="search"
                          placeholder="0.0.19253"
                          value=""
                        />
                        <div
                          class="chakra-input__right-element css-1akgnmh"
                        >
                          <button
                            aria-label="search"
                            class="chakra-button css-kdxsnu"
                            data-testid="search-icon-button"
                            disabled=""
                            type="button"
                          >
                            <svg
                              aria-hidden="true"
                              class="chakra-icon css-kpbtv0"
                              fill="currentColor"
                              focusable="false"
                              height="1em"
                              viewBox="0 0 256 256"
                              width="1em"
                              xmlns="http://www.w3.org/2000/svg"
                            >
                              <path
                                d="M229.66,218.34l-50.07-50.06a88.11,88.11,0,1,0-11.31,11.31l50.06,50.07a8,8,0,0,0,11.32-11.32ZM40,112a72,72,0,1,1,72,72A72.08,72.08,0,0,1,40,112Z"
                              />
                            </svg>
                          </button>
                        </div>
                      </div>
                    </label>
                  </div>
                  <button
                    class="chakra-button css-gobc5v"
                    disabled=""
                    type="submit"
                  >
                    <p
                      class="css-15hpv2u"
                    >
                      Search ID
                    </p>
                  </button>
                </form>
              </div>
            </div>
            <div
              class="chakra-stack css-13czc0d"
            >
              <div
                class="chakra-stack css-159zjtk"
              >
                <div
                  class="chakra-stack css-1yqmcpo"
                >
                  <div
                    class="css-1dixb64"
                  >
                    <p
                      class="chakra-text css-1an6htx"
                    >
                      Details
                    </p>
                  </div>
                  <div
                    class="css-tvba8"
                    data-testid="definition-list-item-ID"
                    tabindex="0"
                  >
                    <p
                      class="chakra-text css-vbc1qe"
                    >
                      ID
                    </p>
                    <p
                      class="chakra-text css-uivqlt"
                    />
                  </div>
                </div>
              </div>
              <div
                class="chakra-stack css-19rghx9"
              >
                <p
                  class="css-kwpule"
                >
                  Account Balance
                </p>
                <div
                  class="chakra-stack css-1kn39y0"
                >
                  <p
                    class="css-1ysbn4y"
                  >
                    -
                    <span
                      class="css-650xeh"
                    />
                  </p>
                </div>
              </div>
            </div>
          </div>
        </div>
      </div>
    </div>
  </div>
  <span
    hidden=""
    id="__chakra_env"
  />
</DocumentFragment>
`;
