// Jest Snapshot v1, https://goo.gl/fbAQLP

exports[`EditRole should render correctly 1`] = `
<DocumentFragment>
  <div
    class="chakra-stack css-1pa0k2v"
  >
    <div
      class="chakra-stack css-1nb7vi4"
    >
      <p
        class="css-1mk5tlk"
      >
        Account
      </p>
      <p
        class="css-0"
      >
        Add the ID account to manage its roles
      </p>
    </div>
    <div
      class="chakra-stack css-1ao5vqt"
    >
      <div
        class="chakra-stack css-1eowlil"
      >
        <div
          class="chakra-stack css-1blyqkq"
        >
          <div
            class="chakra-stack css-b1sb84"
          >
            <form
              class="chakra-stack css-1b210bn"
            >
              <div
                class="chakra-stack css-96qqtw"
              >
                <div
                  class="chakra-form-control css-1kxonj9"
                  role="group"
                >
                  <label
                    class="css-1fey8w1"
                    for="address"
                  >
                    <div
                      class="chakra-input__group css-pwmwmr"
                      data-group="true"
                    >
                      <input
                        class="chakra-input css-1ymw93l"
                        data-testid="address"
                        id="address"
                        name="address"
                        placeholder="0.0.12345"
                        value=""
                      />
                      <div
                        class="chakra-input__right-element css-1akgnmh"
                      >
                        <button
                          aria-label="search"
                          class="chakra-button css-kdxsnu"
                          data-testid="search-icon-button"
                          disabled=""
                          type="button"
                        >
                          <svg
                            aria-hidden="true"
                            class="chakra-icon css-kpbtv0"
                            fill="currentColor"
                            focusable="false"
                            height="1em"
                            viewBox="0 0 256 256"
                            width="1em"
                            xmlns="http://www.w3.org/2000/svg"
                          >
                            <path
                              d="M229.66,218.34l-50.07-50.06a88.11,88.11,0,1,0-11.31,11.31l50.06,50.07a8,8,0,0,0,11.32-11.32ZM40,112a72,72,0,1,1,72,72A72.08,72.08,0,0,1,40,112Z"
                            />
                          </svg>
                        </button>
                      </div>
                    </div>
                  </label>
                </div>
              </div>
              <button
                class="chakra-button css-1k342ir"
                disabled=""
                type="submit"
              >
                Search ID
              </button>
            </form>
          </div>
        </div>
        <div
          class="chakra-stack css-1iz0bch"
        />
      </div>
      <div
        class="chakra-stack css-16p9gj0"
      >
        <div
          class="chakra-stack css-1ma2bgy"
          data-testid="security-details"
        >
          <div
            class="css-1dixb64"
          >
            <p
              class="chakra-text css-1an6htx"
            >
              Details
            </p>
          </div>
          <div
            class="css-tvba8"
            data-testid="definition-list-item-Name"
            tabindex="0"
          >
            <p
              class="chakra-text css-vbc1qe"
            >
              Name
            </p>
            <div
              class="chakra-skeleton__group css-1rr4qq7"
            >
              <div
                class="chakra-skeleton css-5dkehc"
              />
            </div>
          </div>
          <div
            class="css-tvba8"
            data-testid="definition-list-item-Symbol"
            tabindex="0"
          >
            <p
              class="chakra-text css-vbc1qe"
            >
              Symbol
            </p>
            <div
              class="chakra-skeleton__group css-1rr4qq7"
            >
              <div
                class="chakra-skeleton css-5dkehc"
              />
            </div>
          </div>
          <div
            class="css-tvba8"
            data-testid="definition-list-item-Decimal"
            tabindex="0"
          >
            <p
              class="chakra-text css-vbc1qe"
            >
              Decimal
            </p>
            <div
              class="chakra-skeleton__group css-1rr4qq7"
            >
              <div
                class="chakra-skeleton css-5dkehc"
              />
            </div>
          </div>
          <div
            class="css-tvba8"
            data-testid="definition-list-item-ISIN"
            tabindex="0"
          >
            <p
              class="chakra-text css-vbc1qe"
            >
              ISIN
            </p>
            <div
              class="chakra-skeleton__group css-1rr4qq7"
            >
              <div
                class="chakra-skeleton css-5dkehc"
              />
            </div>
          </div>
          <div
            class="css-tvba8"
            data-testid="definition-list-item-ID"
            tabindex="0"
          >
            <p
              class="chakra-text css-vbc1qe"
            >
              ID
            </p>
            <div
              class="chakra-skeleton__group css-1rr4qq7"
            >
              <div
                class="chakra-skeleton css-5dkehc"
              />
            </div>
          </div>
          <div
            class="css-tvba8"
            data-testid="definition-list-item-Max Supply"
            tabindex="0"
          >
            <p
              class="chakra-text css-vbc1qe"
            >
              Max Supply
            </p>
            <div
              class="chakra-skeleton__group css-1rr4qq7"
            >
              <div
                class="chakra-skeleton css-5dkehc"
              />
            </div>
          </div>
          <div
            class="css-tvba8"
            data-testid="definition-list-item-Total Supply"
            tabindex="0"
          >
            <p
              class="chakra-text css-vbc1qe"
            >
              Total Supply
            </p>
            <div
              class="chakra-skeleton__group css-1rr4qq7"
            >
              <div
                class="chakra-skeleton css-5dkehc"
              />
            </div>
          </div>
          <div
            class="css-tvba8"
            data-testid="definition-list-item-Pending to be minted"
            tabindex="0"
          >
            <p
              class="chakra-text css-vbc1qe"
            >
              Pending to be minted
            </p>
            <div
              class="chakra-skeleton__group css-1rr4qq7"
            >
              <div
                class="chakra-skeleton css-5dkehc"
              />
            </div>
          </div>
        </div>
      </div>
    </div>
  </div>
  <span
    hidden=""
    id="__chakra_env"
  />
</DocumentFragment>
`;
