// Jest Snapshot v1, https://goo.gl/fbAQLP

exports[`RoleManagement should render correctly 1`] = `
<DocumentFragment>
  <div
    class="chakra-stack css-r8fju2"
  >
    <div
      class="chakra-tabs css-1bx5ylf"
    >
      <div
        aria-orientation="horizontal"
        class="chakra-tabs__tablist css-3o7rpu"
        role="tablist"
      >
        <button
          aria-controls="tabs-:r0:--tabpanel-0"
          aria-selected="true"
          class="chakra-tabs__tab css-1ng85ee"
          data-index="0"
          id="tabs-:r0:--tab-0"
          role="tab"
          tabindex="0"
          type="button"
        >
          Edit roles
        </button>
        <button
          aria-controls="tabs-:r0:--tabpanel-1"
          aria-selected="false"
          class="chakra-tabs__tab css-1ng85ee"
          data-index="1"
          id="tabs-:r0:--tab-1"
          role="tab"
          tabindex="-1"
          type="button"
        >
          Search by role
        </button>
      </div>
      <div
        class="chakra-tabs__tab-indicator css-1axjpr8"
        style="position: absolute; transition-property: left, right, top, bottom, height, width; transition-duration: 0ms; transition-timing-function: cubic-bezier(0, 0, 0.2, 1); left: 0px; width: 0px;"
      />
      <div
        class="chakra-tabs__tab-panels css-1akcp04"
      >
        <div
          aria-labelledby="tabs-:r0:--tab-0"
          class="chakra-tabs__tab-panel css-1ip3kt8"
          id="tabs-:r0:--tabpanel-0"
          role="tabpanel"
          tabindex="0"
        >
          <div
            class="chakra-stack css-1pa0k2v"
          >
            <div
              class="chakra-stack css-1nb7vi4"
            >
              <p
                class="css-1mk5tlk"
              >
                Account
              </p>
              <p
                class="css-0"
              >
                Add the ID account to manage its roles
              </p>
            </div>
            <div
              class="chakra-stack css-1ao5vqt"
            >
              <div
                class="chakra-stack css-1eowlil"
              >
                <div
                  class="chakra-stack css-1blyqkq"
                >
                  <div
                    class="chakra-stack css-b1sb84"
                  >
                    <form
                      class="chakra-stack css-1b210bn"
                    >
                      <div
                        class="chakra-stack css-96qqtw"
                      >
                        <div
                          class="chakra-form-control css-1kxonj9"
                          role="group"
                        >
                          <label
                            class="css-1fey8w1"
                            for="address"
                          >
                            <div
                              class="chakra-input__group css-pwmwmr"
                              data-group="true"
                            >
                              <input
                                class="chakra-input css-1ymw93l"
                                data-testid="address"
                                id="address"
                                name="address"
                                placeholder="0.0.12345"
                                value=""
                              />
                              <div
                                class="chakra-input__right-element css-1akgnmh"
                              >
                                <button
                                  aria-label="search"
                                  class="chakra-button css-kdxsnu"
                                  data-testid="search-icon-button"
                                  disabled=""
                                  type="button"
                                >
                                  <svg
                                    aria-hidden="true"
                                    class="chakra-icon css-kpbtv0"
                                    fill="currentColor"
                                    focusable="false"
                                    height="1em"
                                    viewBox="0 0 256 256"
                                    width="1em"
                                    xmlns="http://www.w3.org/2000/svg"
                                  >
                                    <path
                                      d="M229.66,218.34l-50.07-50.06a88.11,88.11,0,1,0-11.31,11.31l50.06,50.07a8,8,0,0,0,11.32-11.32ZM40,112a72,72,0,1,1,72,72A72.08,72.08,0,0,1,40,112Z"
                                    />
                                  </svg>
                                </button>
                              </div>
                            </div>
                          </label>
                        </div>
                      </div>
                      <button
                        class="chakra-button css-1k342ir"
                        disabled=""
                        type="submit"
                      >
                        Search ID
                      </button>
                    </form>
                  </div>
                </div>
                <div
                  class="chakra-stack css-1iz0bch"
                />
              </div>
              <div
                class="chakra-stack css-16p9gj0"
              >
                <div
                  class="chakra-stack css-1ma2bgy"
                  data-testid="security-details"
                >
                  <div
                    class="css-1dixb64"
                  >
                    <p
                      class="chakra-text css-1an6htx"
                    >
                      Details
                    </p>
                  </div>
                  <div
                    class="css-tvba8"
                    data-testid="definition-list-item-Name"
                    tabindex="0"
                  >
                    <p
                      class="chakra-text css-vbc1qe"
                    >
                      Name
                    </p>
                    <div
                      class="chakra-skeleton__group css-1rr4qq7"
                    >
                      <div
                        class="chakra-skeleton css-5dkehc"
                      />
                    </div>
                  </div>
                  <div
                    class="css-tvba8"
                    data-testid="definition-list-item-Symbol"
                    tabindex="0"
                  >
                    <p
                      class="chakra-text css-vbc1qe"
                    >
                      Symbol
                    </p>
                    <div
                      class="chakra-skeleton__group css-1rr4qq7"
                    >
                      <div
                        class="chakra-skeleton css-5dkehc"
                      />
                    </div>
                  </div>
                  <div
                    class="css-tvba8"
                    data-testid="definition-list-item-Decimal"
                    tabindex="0"
                  >
                    <p
                      class="chakra-text css-vbc1qe"
                    >
                      Decimal
                    </p>
                    <div
                      class="chakra-skeleton__group css-1rr4qq7"
                    >
                      <div
                        class="chakra-skeleton css-5dkehc"
                      />
                    </div>
                  </div>
                  <div
                    class="css-tvba8"
                    data-testid="definition-list-item-ISIN"
                    tabindex="0"
                  >
                    <p
                      class="chakra-text css-vbc1qe"
                    >
                      ISIN
                    </p>
                    <div
                      class="chakra-skeleton__group css-1rr4qq7"
                    >
                      <div
                        class="chakra-skeleton css-5dkehc"
                      />
                    </div>
                  </div>
                  <div
                    class="css-tvba8"
                    data-testid="definition-list-item-ID"
                    tabindex="0"
                  >
                    <p
                      class="chakra-text css-vbc1qe"
                    >
                      ID
                    </p>
                    <div
                      class="chakra-skeleton__group css-1rr4qq7"
                    >
                      <div
                        class="chakra-skeleton css-5dkehc"
                      />
                    </div>
                  </div>
                  <div
                    class="css-tvba8"
                    data-testid="definition-list-item-Max Supply"
                    tabindex="0"
                  >
                    <p
                      class="chakra-text css-vbc1qe"
                    >
                      Max Supply
                    </p>
                    <div
                      class="chakra-skeleton__group css-1rr4qq7"
                    >
                      <div
                        class="chakra-skeleton css-5dkehc"
                      />
                    </div>
                  </div>
                  <div
                    class="css-tvba8"
                    data-testid="definition-list-item-Total Supply"
                    tabindex="0"
                  >
                    <p
                      class="chakra-text css-vbc1qe"
                    >
                      Total Supply
                    </p>
                    <div
                      class="chakra-skeleton__group css-1rr4qq7"
                    >
                      <div
                        class="chakra-skeleton css-5dkehc"
                      />
                    </div>
                  </div>
                  <div
                    class="css-tvba8"
                    data-testid="definition-list-item-Pending to be minted"
                    tabindex="0"
                  >
                    <p
                      class="chakra-text css-vbc1qe"
                    >
                      Pending to be minted
                    </p>
                    <div
                      class="chakra-skeleton__group css-1rr4qq7"
                    >
                      <div
                        class="chakra-skeleton css-5dkehc"
                      />
                    </div>
                  </div>
                </div>
              </div>
            </div>
          </div>
        </div>
        <div
          aria-labelledby="tabs-:r0:--tab-1"
          class="chakra-tabs__tab-panel css-1ip3kt8"
          hidden=""
          id="tabs-:r0:--tabpanel-1"
          role="tabpanel"
          tabindex="0"
        >
          <div
            class="chakra-stack css-1pa0k2v"
          >
            <div
              class="chakra-stack css-1nb7vi4"
            >
              <p
                class="css-1mk5tlk"
              >
                Search by role
              </p>
              <p
                class="css-0"
              >
                Pick a role to see its linked accounts
              </p>
            </div>
            <div
              class="chakra-stack css-1ao5vqt"
            >
              <div
                class="chakra-stack css-vr8y9b"
              >
                <div
                  class="chakra-stack css-b1sb84"
                >
                  <form
                    class="chakra-stack css-l67g1w"
                  >
                    <div
                      class="chakra-stack css-96qqtw"
                    >
                      <div
                        class="chakra-form-control css-1kxonj9"
                        role="group"
                      >
                        <label
                          class="chakra-form__label css-1egrqbi"
                          for="role"
                          id="field-:r2:-label"
                        >
                          <span
                            class="css-1o8l9xj"
                            id="label"
                          >
                            Select a role to show*
                          </span>
                          <div
                            class="css-kjafn5"
                          >
                            <span
                              class="css-1f43avz-a11yText-A11yText"
                              id="react-select-2-live-region"
                            />
                            <span
                              aria-atomic="false"
                              aria-live="polite"
                              aria-relevant="additions text"
                              class="css-1f43avz-a11yText-A11yText"
                            />
                            <div
                              class=" css-13cymwt-control"
                            >
                              <div
                                class=" css-1fdsijx-ValueContainer"
                              >
                                <div
                                  class=" css-1jqq78o-placeholder"
                                  id="react-select-2-placeholder"
                                >
                                  Select role
                                </div>
                                <div
                                  class=" css-qbdosj-Input"
                                  data-value=""
                                >
                                  <input
                                    aria-autocomplete="list"
                                    aria-describedby="react-select-2-placeholder"
                                    aria-expanded="false"
                                    aria-haspopup="true"
                                    autocapitalize="none"
                                    autocomplete="off"
                                    autocorrect="off"
                                    class=""
                                    id="role"
                                    role="combobox"
                                    spellcheck="false"
                                    style="opacity: 1; width: 100%; grid-area: 1 / 2; min-width: 2px; border: 0px; margin: 0px; outline: 0; padding: 0px;"
                                    tabindex="0"
                                    type="text"
                                    value=""
                                  />
                                </div>
                              </div>
                              <div
                                class=" css-1hb7zxy-IndicatorsContainer"
                              >
                                <div
                                  class="css-sppt3c"
                                >
                                  <div
                                    class="css-amv3mm"
                                  >
                                    <svg
                                      class="chakra-icon css-1bnjyrz"
                                      fill="currentColor"
                                      focusable="false"
                                      height="1em"
                                      viewBox="0 0 256 256"
                                      width="1em"
                                      xmlns="http://www.w3.org/2000/svg"
                                    >
                                      <path
                                        d="M213.66,101.66l-80,80a8,8,0,0,1-11.32,0l-80-80A8,8,0,0,1,53.66,90.34L128,164.69l74.34-74.35a8,8,0,0,1,11.32,11.32Z"
                                      />
                                    </svg>
                                  </div>
                                </div>
                              </div>
                            </div>
                            <input
                              name="role"
                              type="hidden"
                              value=""
                            />
                          </div>
                        </label>
                      </div>
                    </div>
                    <button
                      class="chakra-button css-16f8hdx"
                      data-testid="select-role-button"
                      disabled=""
                      type="submit"
                    >
                      Seach
                    </button>
                  </form>
                </div>
              </div>
              <div
                class="chakra-stack css-16p9gj0"
              >
                <div
                  class="chakra-stack css-1ma2bgy"
                  data-testid="security-details"
                >
                  <div
                    class="css-1dixb64"
                  >
                    <p
                      class="chakra-text css-1an6htx"
                    >
                      Details
                    </p>
                  </div>
                  <div
                    class="css-tvba8"
                    data-testid="definition-list-item-Name"
                    tabindex="0"
                  >
                    <p
                      class="chakra-text css-vbc1qe"
                    >
                      Name
                    </p>
                    <div
                      class="chakra-skeleton__group css-1rr4qq7"
                    >
                      <div
                        class="chakra-skeleton css-5dkehc"
                      />
                    </div>
                  </div>
                  <div
                    class="css-tvba8"
                    data-testid="definition-list-item-Symbol"
                    tabindex="0"
                  >
                    <p
                      class="chakra-text css-vbc1qe"
                    >
                      Symbol
                    </p>
                    <div
                      class="chakra-skeleton__group css-1rr4qq7"
                    >
                      <div
                        class="chakra-skeleton css-5dkehc"
                      />
                    </div>
                  </div>
                  <div
                    class="css-tvba8"
                    data-testid="definition-list-item-Decimal"
                    tabindex="0"
                  >
                    <p
                      class="chakra-text css-vbc1qe"
                    >
                      Decimal
                    </p>
                    <div
                      class="chakra-skeleton__group css-1rr4qq7"
                    >
                      <div
                        class="chakra-skeleton css-5dkehc"
                      />
                    </div>
                  </div>
                  <div
                    class="css-tvba8"
                    data-testid="definition-list-item-ISIN"
                    tabindex="0"
                  >
                    <p
                      class="chakra-text css-vbc1qe"
                    >
                      ISIN
                    </p>
                    <div
                      class="chakra-skeleton__group css-1rr4qq7"
                    >
                      <div
                        class="chakra-skeleton css-5dkehc"
                      />
                    </div>
                  </div>
                  <div
                    class="css-tvba8"
                    data-testid="definition-list-item-ID"
                    tabindex="0"
                  >
                    <p
                      class="chakra-text css-vbc1qe"
                    >
                      ID
                    </p>
                    <div
                      class="chakra-skeleton__group css-1rr4qq7"
                    >
                      <div
                        class="chakra-skeleton css-5dkehc"
                      />
                    </div>
                  </div>
                  <div
                    class="css-tvba8"
                    data-testid="definition-list-item-Max Supply"
                    tabindex="0"
                  >
                    <p
                      class="chakra-text css-vbc1qe"
                    >
                      Max Supply
                    </p>
                    <div
                      class="chakra-skeleton__group css-1rr4qq7"
                    >
                      <div
                        class="chakra-skeleton css-5dkehc"
                      />
                    </div>
                  </div>
                  <div
                    class="css-tvba8"
                    data-testid="definition-list-item-Total Supply"
                    tabindex="0"
                  >
                    <p
                      class="chakra-text css-vbc1qe"
                    >
                      Total Supply
                    </p>
                    <div
                      class="chakra-skeleton__group css-1rr4qq7"
                    >
                      <div
                        class="chakra-skeleton css-5dkehc"
                      />
                    </div>
                  </div>
                  <div
                    class="css-tvba8"
                    data-testid="definition-list-item-Pending to be minted"
                    tabindex="0"
                  >
                    <p
                      class="chakra-text css-vbc1qe"
                    >
                      Pending to be minted
                    </p>
                    <div
                      class="chakra-skeleton__group css-1rr4qq7"
                    >
                      <div
                        class="chakra-skeleton css-5dkehc"
                      />
                    </div>
                  </div>
                </div>
              </div>
            </div>
          </div>
        </div>
      </div>
    </div>
  </div>
  <span
    hidden=""
    id="__chakra_env"
  />
</DocumentFragment>
`;
