// Jest Snapshot v1, https://goo.gl/fbAQLP

exports[`AddSecurity should render correctly 1`] = `
<DocumentFragment>
  <form
    class="chakra-stack css-16oka5y"
  >
    <div
      class="chakra-stack css-1qyhq9w"
    >
      <div
        class="css-k5rr6j"
      >
        <div
          class="css-k5rr6j"
          data-testid="go-back-button"
        >
          <button
            aria-label="Go back"
            class="chakra-button css-j1h3f5"
            data-testid="go-back-button-button"
            type="button"
          >
            <svg
              aria-hidden="true"
              class="chakra-icon css-kpbtv0"
              fill="currentColor"
              focusable="false"
              height="1em"
              viewBox="0 0 256 256"
              width="1em"
              xmlns="http://www.w3.org/2000/svg"
            >
              <path
                d="M224,128a8,8,0,0,1-8,8H59.31l58.35,58.34a8,8,0,0,1-11.32,11.32l-72-72a8,8,0,0,1,0-11.32l72-72a8,8,0,0,1,11.32,11.32L59.31,120H216A8,8,0,0,1,224,128Z"
              />
            </svg>
          </button>
          <p
            class="css-r0wbil"
            data-testid="go-back-button-label"
          >
            Import a digital security token
          </p>
        </div>
      </div>
      <nav
        aria-label="breadcrumb"
        class="chakra-breadcrumb css-1y2eexs"
        data-testid="breadcrumb-desktop"
      >
        <ol
          class="chakra-breadcrumb__list css-70qvj9"
        >
          <li
            class="chakra-breadcrumb__list-item css-1kcfkoc"
          >
            <a
              aria-current="page"
              class="chakra-breadcrumb__link css-zqoicl"
              href="/"
            >
              Dashboard
            </a>
          </li>
        </ol>
      </nav>
    </div>
    <div
      class="chakra-stack css-1jwg3mw"
    >
      <div
        class="chakra-stack css-1h4ws66"
      >
        <h2
          class="css-1mk5tlk"
        >
          Add digital security
        </h2>
        <p
          class="css-j9h4p6"
        >
          Add an existing security with its ID or DLT address
        </p>
        <p
          class="css-ykptgm"
        >
          *Mandatory fields
        </p>
        <p
          class="css-1ayfwcb"
        >
          ID or DLT address*
        </p>
        <div
          class="chakra-stack css-zoewrz"
        >
          <div
            class="chakra-form-control css-1kxonj9"
            role="group"
          >
            <label
              class="css-1fey8w1"
              for="securityId"
            >
              <div
                class="chakra-input__group css-pwmwmr"
                data-group="true"
              >
                <input
                  class="chakra-input css-1pioc6y"
                  data-testid="securityId"
                  id="securityId"
                  name="securityId"
                  placeholder="0.0.12345"
                  value=""
                />
              </div>
            </label>
          </div>
        </div>
        <div
          class="chakra-stack css-q4fbcn"
        >
          <a
            class="chakra-button css-vueqt9"
            data-testid="cancel-button"
            href="/"
          >
            Cancel
          </a>
          <button
            class="chakra-button css-1145i8e"
            data-testid="add-security-button"
            disabled=""
            type="submit"
          >
            Add digital security
          </button>
        </div>
      </div>
    </div>
  </form>
  <span
    hidden=""
    id="__chakra_env"
  />
</DocumentFragment>
`;
