// Jest Snapshot v1, https://goo.gl/fbAQLP

exports[`AddSecurityButton render correctly 1`] = `
<DocumentFragment>
  <a
    class="chakra-button css-vueqt9"
    data-testid="add-security-button"
    href="/"
  >
    <span
      class="chakra-button__icon css-1wh2kri"
    >
      <svg
        aria-hidden="true"
        class="chakra-icon css-kpbtv0"
        fill="currentColor"
        focusable="false"
        height="1em"
        viewBox="0 0 256 256"
        width="1em"
        xmlns="http://www.w3.org/2000/svg"
      >
        <path
          d="M224,128a8,8,0,0,1-8,8H136v80a8,8,0,0,1-16,0V136H40a8,8,0,0,1,0-16h80V40a8,8,0,0,1,16,0v80h80A8,8,0,0,1,224,128Z"
        />
      </svg>
    </span>
    Import a digital security token
  </a>
  <span
    hidden=""
    id="__chakra_env"
  />
</DocumentFragment>
`;
