// Jest Snapshot v1, https://goo.gl/fbAQLP

exports[`SeeCoupon should render correctly 1`] = `
<DocumentFragment>
  <div
    class="css-3d6uxt"
  >
    <div
      class="chakra-stack css-owjkmg"
    >
      <form
        class="chakra-stack css-ip7fdm"
        data-testid="coupons-form"
      >
        <div
          class="chakra-stack css-1h0sumw"
        >
          <div
            class="chakra-stack css-1nqqhpy"
          >
            <p
              class="css-0"
            >
              Coupon ID*
            </p>
            <div
              class="css-k008qs"
            >
              <svg
                class="chakra-icon css-kpbtv0"
                fill="currentColor"
                focusable="false"
                height="1em"
                viewBox="0 0 256 256"
                width="1em"
                xmlns="http://www.w3.org/2000/svg"
              >
                <path
                  d="M128,24A104,104,0,1,0,232,128,104.11,104.11,0,0,0,128,24Zm0,192a88,88,0,1,1,88-88A88.1,88.1,0,0,1,128,216Zm16-40a8,8,0,0,1-8,8,16,16,0,0,1-16-16V128a8,8,0,0,1,0-16,16,16,0,0,1,16,16v40A8,8,0,0,1,144,176ZM112,84a12,12,0,1,1,12,12A12,12,0,0,1,112,84Z"
                />
              </svg>
            </div>
          </div>
          <div
            class="chakra-form-control css-1kxonj9"
            role="group"
          >
            <label
              class="css-1fey8w1"
            >
              <div
                class="chakra-input__group css-pwmwmr"
                data-group="true"
              >
                <input
                  class="chakra-input css-ifstuv"
                  data-testid="couponId"
                  id="field-:r2:"
                  inputmode="numeric"
                  name="couponId"
                  placeholder="Add ID"
                  type="text"
                  value=""
                />
              </div>
            </label>
          </div>
        </div>
        <div
          class="chakra-stack css-1h0sumw"
        >
          <div
            class="chakra-stack css-1nqqhpy"
          >
            <p
              class="css-0"
            >
              Account ID*
            </p>
            <div
              class="css-k008qs"
            >
              <svg
                class="chakra-icon css-kpbtv0"
                fill="currentColor"
                focusable="false"
                height="1em"
                viewBox="0 0 256 256"
                width="1em"
                xmlns="http://www.w3.org/2000/svg"
              >
                <path
                  d="M128,24A104,104,0,1,0,232,128,104.11,104.11,0,0,0,128,24Zm0,192a88,88,0,1,1,88-88A88.1,88.1,0,0,1,128,216Zm16-40a8,8,0,0,1-8,8,16,16,0,0,1-16-16V128a8,8,0,0,1,0-16,16,16,0,0,1,16,16v40A8,8,0,0,1,144,176ZM112,84a12,12,0,1,1,12,12A12,12,0,0,1,112,84Z"
                />
              </svg>
            </div>
          </div>
          <div
            class="chakra-form-control css-1kxonj9"
            role="group"
          >
            <label
              class="css-1fey8w1"
              for="targetId"
            >
              <div
                class="chakra-input__group css-pwmwmr"
                data-group="true"
              >
                <input
                  class="chakra-input css-ifstuv"
                  data-testid="targetId"
                  id="targetId"
                  name="targetId"
                  placeholder="Add ID"
                  value=""
                />
              </div>
            </label>
          </div>
        </div>
        <button
          class="chakra-button css-1i50xze"
          data-tesdtid="send-button"
          disabled=""
          type="submit"
        >
           Check
        </button>
      </form>
    </div>
  </div>
  <span
    hidden=""
    id="__chakra_env"
  />
</DocumentFragment>
`;
