// Jest Snapshot v1, https://goo.gl/fbAQLP

exports[`DigitalSecuritiesList render correctly 1`] = `
<DocumentFragment>
  <div
    class="chakra-stack css-1oeb4ru"
  >
    <div
      class="chakra-stack css-1qyhq9w"
    >
      <div
        class="css-k5rr6j"
      >
        <div
          class="css-k5rr6j"
          data-testid="go-back-button"
        >
          <button
            aria-label="Go back"
            class="chakra-button css-j1h3f5"
            data-testid="go-back-button-button"
            type="button"
          >
            <svg
              aria-hidden="true"
              class="chakra-icon css-kpbtv0"
              fill="currentColor"
              focusable="false"
              height="1em"
              viewBox="0 0 256 256"
              width="1em"
              xmlns="http://www.w3.org/2000/svg"
            >
              <path
                d="M224,128a8,8,0,0,1-8,8H59.31l58.35,58.34a8,8,0,0,1-11.32,11.32l-72-72a8,8,0,0,1,0-11.32l72-72a8,8,0,0,1,11.32,11.32L59.31,120H216A8,8,0,0,1,224,128Z"
              />
            </svg>
          </button>
          <p
            class="css-r0wbil"
            data-testid="go-back-button-label"
          >
            All digital securities
          </p>
        </div>
      </div>
      <nav
        aria-label="breadcrumb"
        class="chakra-breadcrumb css-1y2eexs"
        data-testid="breadcrumb-desktop"
      >
        <ol
          class="chakra-breadcrumb__list css-70qvj9"
        >
          <li
            class="chakra-breadcrumb__list-item css-1kcfkoc"
          >
            <a
              aria-current="page"
              class="chakra-breadcrumb__link css-zqoicl"
              href="/"
            >
              Dashboard
            </a>
          </li>
        </ol>
      </nav>
    </div>
    <div
      class="chakra-stack css-1mdpefa"
    >
      <a
        class="chakra-button css-vueqt9"
        data-testid="add-security-button"
        href="/security/add"
      >
        <span
          class="chakra-button__icon css-1wh2kri"
        >
          <svg
            aria-hidden="true"
            class="chakra-icon css-kpbtv0"
            fill="currentColor"
            focusable="false"
            height="1em"
            viewBox="0 0 256 256"
            width="1em"
            xmlns="http://www.w3.org/2000/svg"
          >
            <path
              d="M224,128a8,8,0,0,1-8,8H136v80a8,8,0,0,1-16,0V136H40a8,8,0,0,1,0-16h80V40a8,8,0,0,1,16,0v80h80A8,8,0,0,1,224,128Z"
            />
          </svg>
        </span>
        Import a digital security token
      </a>
      <a
        class="chakra-button css-vueqt9"
        data-testid="create-new-security-button"
        href="/security/create"
      >
        Create new digital security
      </a>
    </div>
  </div>
  <div
    class="chakra-stack css-1ygn4ha"
  >
    <p
      class="css-9to9lm"
    >
      Digital securities list
    </p>
    <div
      class="chakra-stack css-1jl72gh"
    >
      <div
        class="chakra-form-control css-1kxonj9"
        role="group"
      >
        <label
          class="css-1fey8w1"
          for="search"
        >
          <div
            class="chakra-input__group css-pwmwmr"
            data-group="true"
          >
            <input
              class="chakra-input css-1ncmsep"
              data-testid="search"
              id="search"
              name="search"
              placeholder="Search"
              value=""
            />
            <div
              class="chakra-input__right-element css-1akgnmh"
            >
              <button
                aria-label="search"
                class="chakra-button css-kdxsnu"
                data-testid="search-icon-button"
                disabled=""
                type="button"
              >
                <svg
                  aria-hidden="true"
                  class="chakra-icon css-kpbtv0"
                  fill="currentColor"
                  focusable="false"
                  height="1em"
                  viewBox="0 0 256 256"
                  width="1em"
                  xmlns="http://www.w3.org/2000/svg"
                >
                  <path
                    d="M229.66,218.34l-50.07-50.06a88.11,88.11,0,1,0-11.31,11.31l50.06,50.07a8,8,0,0,0,11.32-11.32ZM40,112a72,72,0,1,1,72,72A72.08,72.08,0,0,1,40,112Z"
                  />
                </svg>
              </button>
            </div>
          </div>
        </label>
      </div>
    </div>
    <div
      class="css-0"
    >
      <div
        class="css-68x580"
      >
        <table
          class="chakra-table css-y9vv58"
          data-testid="table-digitalSecurities"
        >
          <tbody
            class="css-0"
          >
            <tr
              class="css-tlunve"
            >
              <th
                class="css-t4oex1"
              >
                <div
                  class="css-1lekzkb"
                >
                  <div
                    class="css-zvlevn"
                  />
                </div>
              </th>
              <th
                class="css-1fegb7z"
              >
                <div
                  class="css-1lekzkb"
                >
                  <div
                    class="css-zvlevn"
                  >
                    Symbol
                  </div>
                </div>
              </th>
              <th
                class="css-1fegb7z"
              >
                <div
                  class="css-1lekzkb"
                >
                  <div
                    class="css-zvlevn"
                  >
                    Name
                  </div>
                </div>
              </th>
              <th
                class="css-1fegb7z"
              >
                <div
                  class="css-1lekzkb"
                >
                  <div
                    class="css-zvlevn"
                  >
                    Type
                  </div>
                </div>
              </th>
              <th
                class="css-1fegb7z"
              >
                <div
                  class="css-1lekzkb"
                >
                  <div
                    class="css-zvlevn"
                  >
                    ISIN
                  </div>
                </div>
              </th>
              <th
                class="css-1fegb7z"
              >
                <div
                  class="css-1lekzkb"
                >
                  <div
                    class="css-zvlevn"
                  >
                    Address
                  </div>
                </div>
              </th>
              <th
                class="css-1fegb7z"
              >
                <div
                  class="css-1lekzkb"
                >
                  <div
                    class="css-zvlevn"
                  >
                    EVM Address
                  </div>
                </div>
              </th>
            </tr>
          </tbody>
        </table>
      </div>
    </div>
  </div>
  <span
    hidden=""
    id="__chakra_env"
  />
</DocumentFragment>
`;
