// Jest Snapshot v1, https://goo.gl/fbAQLP

exports[`Sidebar should render correctly 1`] = `
<DocumentFragment>
  <div
    class="css-1xdhq9s"
    data-testid="sidebar-layout"
  >
    <div
      class="chakra-stack css-b5leqj"
    >
      <div
        class="css-df6r3v"
        data-testid="sidebar-item-Dashboard"
        to="DASHBOARD"
      >
        <button
          class="css-duy0v9"
        >
          <svg
            class="chakra-icon css-1qzovvq"
            fill="currentColor"
            focusable="false"
            height="1em"
            viewBox="0 0 256 256"
            width="1em"
            xmlns="http://www.w3.org/2000/svg"
          >
            <path
              d="M128,24A104,104,0,1,0,232,128,104.11,104.11,0,0,0,128,24Zm0,16a88,88,0,0,1,71.87,37.27L128,118.76Zm0,176a88,88,0,0,1-71.87-37.27L207.89,91.12A88,88,0,0,1,128,216Z"
            />
          </svg>
        </button>
        <p
          class="css-bxmmhf"
        >
          Dashboard 
        </p>
      </div>
    </div>
  </div>
  <span
    hidden=""
    id="__chakra_env"
  />
</DocumentFragment>
`;
