// Jest Snapshot v1, https://goo.gl/fbAQLP

exports[`Balance should render correctly 1`] = `
<DocumentFragment>
  <div
    class="chakra-stack css-frx4bb"
  >
    <div
      class="chakra-stack css-169eia3"
    >
      <div
        class="chakra-stack css-1qx0yhn"
      >
        <h2
          class="css-1mk5tlk"
        >
          Display balances
        </h2>
        <p
          class="css-j9h4p6"
        >
          Add the ID account to preview its balance
        </p>
        <form
          class="chakra-stack css-1y1dtud"
        >
          <div
            class="chakra-form-control css-1kxonj9"
            role="group"
          >
            <label
              class="css-1fey8w1"
              for="search"
            >
              <div
                class="chakra-input__group css-pwmwmr"
                data-group="true"
              >
                <input
                  class="chakra-input css-1ymw93l"
                  data-testid="search"
                  id="search"
                  name="search"
                  placeholder="0.0.19253"
                  value=""
                />
                <div
                  class="chakra-input__right-element css-1akgnmh"
                >
                  <button
                    aria-label="search"
                    class="chakra-button css-kdxsnu"
                    data-testid="search-icon-button"
                    disabled=""
                    type="button"
                  >
                    <svg
                      aria-hidden="true"
                      class="chakra-icon css-kpbtv0"
                      fill="currentColor"
                      focusable="false"
                      height="1em"
                      viewBox="0 0 256 256"
                      width="1em"
                      xmlns="http://www.w3.org/2000/svg"
                    >
                      <path
                        d="M229.66,218.34l-50.07-50.06a88.11,88.11,0,1,0-11.31,11.31l50.06,50.07a8,8,0,0,0,11.32-11.32ZM40,112a72,72,0,1,1,72,72A72.08,72.08,0,0,1,40,112Z"
                      />
                    </svg>
                  </button>
                </div>
              </div>
            </label>
          </div>
          <button
            class="chakra-button css-gobc5v"
            disabled=""
            type="submit"
          >
            <p
              class="css-15hpv2u"
            >
              Search ID
            </p>
          </button>
        </form>
      </div>
    </div>
    <div
      class="chakra-stack css-13czc0d"
    >
      <div
        class="chakra-stack css-159zjtk"
      >
        <div
          class="chakra-stack css-1yqmcpo"
        >
          <div
            class="css-1dixb64"
          >
            <p
              class="chakra-text css-1an6htx"
            >
              Details
            </p>
          </div>
          <div
            class="css-tvba8"
            data-testid="definition-list-item-ID"
            tabindex="0"
          >
            <p
              class="chakra-text css-vbc1qe"
            >
              ID
            </p>
            <p
              class="chakra-text css-uivqlt"
            />
          </div>
        </div>
      </div>
      <div
        class="chakra-stack css-19rghx9"
      >
        <p
          class="css-kwpule"
        >
          Account Balance
        </p>
        <div
          class="chakra-stack css-1kn39y0"
        >
          <p
            class="css-1ysbn4y"
          >
            -
            <span
              class="css-650xeh"
            />
          </p>
        </div>
      </div>
    </div>
  </div>
  <span
    hidden=""
    id="__chakra_env"
  />
</DocumentFragment>
`;
