// Jest Snapshot v1, https://goo.gl/fbAQLP

exports[`ControlList should render correctly as blockList: blockList 1`] = `
<DocumentFragment>
  <div
    class="chakra-stack css-1ygn4ha"
  >
    <p
      class="css-1ivtnlg"
    >
      Control list
    </p>
    <form
      class="chakra-stack css-1f1uoxj"
    >
      <div
        class="chakra-stack css-1jl72gh"
      >
        <div
          class="chakra-form-control css-1kxonj9"
          role="group"
        >
          <label
            class="css-1fey8w1"
            for="search"
          >
            <div
              class="chakra-input__group css-pwmwmr"
              data-group="true"
            >
              <input
                class="chakra-input css-1ymw93l"
                data-testid="search"
                id="search"
                name="search"
                placeholder="Enter account"
                value=""
              />
              <div
                class="chakra-input__right-element css-1akgnmh"
              >
                <button
                  aria-label="search"
                  class="chakra-button css-kdxsnu"
                  data-testid="search-icon-button"
                  disabled=""
                  type="button"
                >
                  <svg
                    aria-hidden="true"
                    class="chakra-icon css-kpbtv0"
                    fill="currentColor"
                    focusable="false"
                    height="1em"
                    viewBox="0 0 256 256"
                    width="1em"
                    xmlns="http://www.w3.org/2000/svg"
                  >
                    <path
                      d="M229.66,218.34l-50.07-50.06a88.11,88.11,0,1,0-11.31,11.31l50.06,50.07a8,8,0,0,0,11.32-11.32ZM40,112a72,72,0,1,1,72,72A72.08,72.08,0,0,1,40,112Z"
                    />
                  </svg>
                </button>
              </div>
            </div>
          </label>
        </div>
      </div>
      <button
        class="chakra-button css-gobc5v"
        data-loading=""
        disabled=""
        type="submit"
      >
        <div
          class="chakra-button__spinner chakra-button__spinner--start css-149izd1"
        >
          <div
            class="chakra-spinner css-933fgd"
            data-testid="spinner"
          >
            <span
              class="css-8b45rq"
            >
              Loading...
            </span>
          </div>
        </div>
        Add account
      </button>
    </form>
    <div
      class="css-0"
    >
      <div
        class="css-68x580"
      >
        <table
          class="chakra-table css-y9vv58"
          data-testid="table-control-list"
        >
          <tbody
            class="css-0"
          >
            <tr
              class="css-tlunve"
            >
              <th
                class="css-zb6epz"
              >
                <div
                  class="css-1lekzkb"
                >
                  <div
                    class="css-zvlevn"
                  >
                    Account ID
                  </div>
                </div>
              </th>
              <th
                class="css-1hclyhv"
              >
                <div
                  class="css-1lekzkb"
                >
                  <div
                    class="css-zvlevn"
                  >
                    Action
                  </div>
                </div>
              </th>
            </tr>
          </tbody>
        </table>
      </div>
    </div>
  </div>
  <span
    hidden=""
    id="__chakra_env"
  />
</DocumentFragment>
`;

exports[`ControlList should render correctly as whiteList: whiteList 1`] = `
<DocumentFragment>
  <div
    class="chakra-stack css-1ygn4ha"
  >
    <p
      class="css-1ivtnlg"
    >
      Control list
    </p>
    <form
      class="chakra-stack css-1f1uoxj"
    >
      <div
        class="chakra-stack css-1jl72gh"
      >
        <div
          class="chakra-form-control css-1kxonj9"
          role="group"
        >
          <label
            class="css-1fey8w1"
            for="search"
          >
            <div
              class="chakra-input__group css-pwmwmr"
              data-group="true"
            >
              <input
                class="chakra-input css-1ymw93l"
                data-testid="search"
                id="search"
                name="search"
                placeholder="Enter account"
                value=""
              />
              <div
                class="chakra-input__right-element css-1akgnmh"
              >
                <button
                  aria-label="search"
                  class="chakra-button css-kdxsnu"
                  data-testid="search-icon-button"
                  disabled=""
                  type="button"
                >
                  <svg
                    aria-hidden="true"
                    class="chakra-icon css-kpbtv0"
                    fill="currentColor"
                    focusable="false"
                    height="1em"
                    viewBox="0 0 256 256"
                    width="1em"
                    xmlns="http://www.w3.org/2000/svg"
                  >
                    <path
                      d="M229.66,218.34l-50.07-50.06a88.11,88.11,0,1,0-11.31,11.31l50.06,50.07a8,8,0,0,0,11.32-11.32ZM40,112a72,72,0,1,1,72,72A72.08,72.08,0,0,1,40,112Z"
                    />
                  </svg>
                </button>
              </div>
            </div>
          </label>
        </div>
      </div>
      <button
        class="chakra-button css-gobc5v"
        data-loading=""
        disabled=""
        type="submit"
      >
        <div
          class="chakra-button__spinner chakra-button__spinner--start css-149izd1"
        >
          <div
            class="chakra-spinner css-933fgd"
            data-testid="spinner"
          >
            <span
              class="css-8b45rq"
            >
              Loading...
            </span>
          </div>
        </div>
        Add account
      </button>
    </form>
    <div
      class="css-0"
    >
      <div
        class="css-68x580"
      >
        <table
          class="chakra-table css-y9vv58"
          data-testid="table-control-list"
        >
          <tbody
            class="css-0"
          >
            <tr
              class="css-tlunve"
            >
              <th
                class="css-zb6epz"
              >
                <div
                  class="css-1lekzkb"
                >
                  <div
                    class="css-zvlevn"
                  >
                    Account ID
                  </div>
                </div>
              </th>
              <th
                class="css-1hclyhv"
              >
                <div
                  class="css-1lekzkb"
                >
                  <div
                    class="css-zvlevn"
                  >
                    Action
                  </div>
                </div>
              </th>
            </tr>
          </tbody>
        </table>
      </div>
    </div>
  </div>
  <span
    hidden=""
    id="__chakra_env"
  />
</DocumentFragment>
`;
